]0;~/Dropbox/YT_Lab/BY2M[?1034hrorqual:BY2M june$ git init
Initialized empty Git repository in /Users/june/Dropbox/YT_Lab/BY2M/.git/
]0;~/Dropbox/YT_Lab/BY2Mrorqual:BY2M june$ git remote add origin https://github.com/roqe/T2GA.git[K[K[K[K[K[K[K[KBY2M,gt[K[K[K.git
]0;~/Dropbox/YT_Lab/BY2Mrorqual:BY2M june$ git add .
]0;~/Dropbox/YT_Lab/BY2Mrorqual:BY2M june$ git commit -m "fixed: some bugs"[1P"[1P"[1P"[1P"[1P"[1P"[1P"[1P"[1P"[1P"[1P"[1P"[1P"[1P"[1P"i"r"s"t" "v"e"s"i"o"b"[1P"[1P"[1P"[1P"r"s"i"o"n"
[master (root-commit) 605433a] first version
 Committer: June Lai <june@rorqual.local>
Your name and email address were configured automatically based
on your username and hostname. Please check that they are accurate.
You can suppress this message by setting them explicitly. Run the
following command and follow the instructions in your editor to edit
your configuration file:

    git config --global --edit

After doing this, you may fix the identity used for this commit with:

    git commit --amend --reset-author

 80 files changed, 1615 insertions(+)
 create mode 100644 .DS_Store
 create mode 100644 .Rbuildignore
 create mode 100644 .Rhistory
 create mode 100644 .Rproj.user/2591ECAF/console06/AF5A81B1
 create mode 100644 .Rproj.user/2591ECAF/console06/AF5A81B1.env
 create mode 100644 .Rproj.user/2591ECAF/console06/INDEX001
 create mode 100644 .Rproj.user/2591ECAF/cpp-definition-cache
 create mode 100644 .Rproj.user/2591ECAF/pcs/debug-breakpoints.pper
 create mode 100644 .Rproj.user/2591ECAF/pcs/files-pane.pper
 create mode 100644 .Rproj.user/2591ECAF/pcs/packages-pane.pper
 create mode 100644 .Rproj.user/2591ECAF/pcs/source-pane.pper
 create mode 100644 .Rproj.user/2591ECAF/pcs/windowlayoutstate.pper
 create mode 100644 .Rproj.user/2591ECAF/pcs/workbench-pane.pper
 create mode 100644 .Rproj.user/2591ECAF/persistent-state
 create mode 100644 .Rproj.user/2591ECAF/saved_source_markers
 create mode 100644 .Rproj.user/2591ECAF/sources/prop/14445B02
 create mode 100644 .Rproj.user/2591ECAF/sources/prop/17358E7C
 create mode 100644 .Rproj.user/2591ECAF/sources/prop/22E2C459
 create mode 100644 .Rproj.user/2591ECAF/sources/prop/2FEE71AD
 create mode 100644 .Rproj.user/2591ECAF/sources/prop/4063F49B
 create mode 100644 .Rproj.user/2591ECAF/sources/prop/4293849F
 create mode 100644 .Rproj.user/2591ECAF/sources/prop/4710A33B
 create mode 100644 .Rproj.user/2591ECAF/sources/prop/4E2D3BF2
 create mode 100644 .Rproj.user/2591ECAF/sources/prop/60183793
 create mode 100644 .Rproj.user/2591ECAF/sources/prop/6CB812C9
 create mode 100644 .Rproj.user/2591ECAF/sources/prop/6D274657
 create mode 100644 .Rproj.user/2591ECAF/sources/prop/70524CAA
 create mode 100644 .Rproj.user/2591ECAF/sources/prop/76B94498
 create mode 100644 .Rproj.user/2591ECAF/sources/prop/77093839
 create mode 100644 .Rproj.user/2591ECAF/sources/prop/7D71AC67
 create mode 100644 .Rproj.user/2591ECAF/sources/prop/887D62B2
 create mode 100644 .Rproj.user/2591ECAF/sources/prop/8BC62FE8
 create mode 100644 .Rproj.user/2591ECAF/sources/prop/9157C04C
 create mode 100644 .Rproj.user/2591ECAF/sources/prop/960A2E21
 create mode 100644 .Rproj.user/2591ECAF/sources/prop/9E8BB053
 create mode 100644 .Rproj.user/2591ECAF/sources/prop/A8B785AE
 create mode 100644 .Rproj.user/2591ECAF/sources/prop/AC2EBFF5
 create mode 100644 .Rproj.user/2591ECAF/sources/prop/CAA86596
 create mode 100644 .Rproj.user/2591ECAF/sources/prop/D2E3881F
 create mode 100644 .Rproj.user/2591ECAF/sources/prop/D7F133A9
 create mode 100644 .Rproj.user/2591ECAF/sources/prop/DF7A9C6D
 create mode 100644 .Rproj.user/2591ECAF/sources/prop/E1FE58CC
 create mode 100644 .Rproj.user/2591ECAF/sources/prop/E4CF1DCE
 create mode 100644 .Rproj.user/2591ECAF/sources/prop/F4245C55
 create mode 100644 .Rproj.user/2591ECAF/sources/prop/FAD43159
 create mode 100644 .Rproj.user/2591ECAF/sources/prop/INDEX
 create mode 100644 .Rproj.user/2591ECAF/sources/s-139f083a/1A71CE92-contents
 create mode 100644 .Rproj.user/2591ECAF/sources/s-139f083a/1BE2C2B5
 create mode 100644 .Rproj.user/2591ECAF/sources/s-139f083a/1BE2C2B5-contents
 create mode 100644 .Rproj.user/2591ECAF/sources/s-139f083a/23375F49-contents
 create mode 100644 .Rproj.user/2591ECAF/sources/s-139f083a/3A59D820-contents
 create mode 100644 .Rproj.user/2591ECAF/sources/s-139f083a/3D6983A4-contents
 create mode 100644 .Rproj.user/2591ECAF/sources/s-139f083a/50D8C0B9-contents
 create mode 100644 .Rproj.user/2591ECAF/sources/s-139f083a/5BD6609F-contents
 create mode 100644 .Rproj.user/2591ECAF/sources/s-139f083a/6107B15E-contents
 create mode 100644 .Rproj.user/2591ECAF/sources/s-139f083a/6FEC9C2E-contents
 create mode 100644 .Rproj.user/2591ECAF/sources/s-139f083a/AE36C955-contents
 create mode 100644 .Rproj.user/2591ECAF/sources/s-139f083a/D9B7DC94
 create mode 100644 .Rproj.user/2591ECAF/sources/s-139f083a/D9B7DC94-contents
 create mode 100644 .Rproj.user/2591ECAF/sources/s-139f083a/lock_file
 create mode 100644 .Rproj.user/shared/notebooks/patch-chunk-names
 create mode 100644 .Rproj.user/shared/notebooks/paths
 create mode 100644 BY2M.Rproj
 create mode 100644 DESCRIPTION
 create mode 100644 NAMESPACE
 create mode 100644 R/.DS_Store
 create mode 100644 R/calc_true_value.R
 create mode 100644 R/check.R
 create mode 100644 R/create_var_boot.R
 create mode 100644 R/create_vmatrix.R
 create mode 100644 R/mediation_analysis.R
 create mode 100644 R/omega.R
 create mode 100644 R/pse.R
 create mode 100644 R/rd.R
 create mode 100644 R/rr.R
 create mode 100644 R/sim_mediation_data.R
 create mode 100644 man/calc_true_value.Rd
 create mode 100644 man/hello.Rd
 create mode 100644 man/mediation_analysis.Rd
 create mode 100644 man/sim_mediation_data.Rd
]0;~/Dropbox/YT_Lab/BY2Mrorqual:BY2M june$ git push -u origin master
error: cannot run rpostback-askpass: No such file or directory
Username for 'https://github.com': roqe
error: cannot run rpostback-askpass: No such file or directory
Password for 'https://roqe@github.com': 
remote: Invalid username or password.
fatal: Authentication failed for 'https://github.com/roqe/BY2M.git/'
]0;~/Dropbox/YT_Lab/BY2Mrorqual:BY2M june$ git push -u origin mastercommit -m "first version"[C[C[C[C[C[C[C[C[C[C[C[C[C[C[C[C[C[C[C[C[C[C[C[4Ppush -u origin master
error: cannot run rpostback-askpass: No such file or directory
Username for 'https://github.com': roqe
error: cannot run rpostback-askpass: No such file or directory
Password for 'https://roqe@github.com': 
Enumerating objects: 76, done.
Counting objects:   1% (1/76)   Counting objects:   2% (2/76)   Counting objects:   3% (3/76)   Counting objects:   5% (4/76)   Counting objects:   6% (5/76)   Counting objects:   7% (6/76)   Counting objects:   9% (7/76)   Counting objects:  10% (8/76)   Counting objects:  11% (9/76)   Counting objects:  13% (10/76)   Counting objects:  14% (11/76)   Counting objects:  15% (12/76)   Counting objects:  17% (13/76)   Counting objects:  18% (14/76)   Counting objects:  19% (15/76)   Counting objects:  21% (16/76)   Counting objects:  22% (17/76)   Counting objects:  23% (18/76)   Counting objects:  25% (19/76)   Counting objects:  26% (20/76)   Counting objects:  27% (21/76)   Counting objects:  28% (22/76)   Counting objects:  30% (23/76)   Counting objects:  31% (24/76)   Counting objects:  32% (25/76)   Counting objects:  34% (26/76)   Counting objects:  35% (27/76)   Counting objects:  36% (28/76)   Counting objects:  38% (29/76)   Counting objects:  39% (30/76)   Counting objects:  40% (31/76)   Counting objects:  42% (32/76)   Counting objects:  43% (33/76)   Counting objects:  44% (34/76)   Counting objects:  46% (35/76)   Counting objects:  47% (36/76)   Counting objects:  48% (37/76)   Counting objects:  50% (38/76)   Counting objects:  51% (39/76)   Counting objects:  52% (40/76)   Counting objects:  53% (41/76)   Counting objects:  55% (42/76)   Counting objects:  56% (43/76)   Counting objects:  57% (44/76)   Counting objects:  59% (45/76)   Counting objects:  60% (46/76)   Counting objects:  61% (47/76)   Counting objects:  63% (48/76)   Counting objects:  64% (49/76)   Counting objects:  65% (50/76)   Counting objects:  67% (51/76)   Counting objects:  68% (52/76)   Counting objects:  69% (53/76)   Counting objects:  71% (54/76)   Counting objects:  72% (55/76)   Counting objects:  73% (56/76)   Counting objects:  75% (57/76)   Counting objects:  76% (58/76)   Counting objects:  77% (59/76)   Counting objects:  78% (60/76)   Counting objects:  80% (61/76)   Counting objects:  81% (62/76)   Counting objects:  82% (63/76)   Counting objects:  84% (64/76)   Counting objects:  85% (65/76)   Counting objects:  86% (66/76)   Counting objects:  88% (67/76)   Counting objects:  89% (68/76)   Counting objects:  90% (69/76)   Counting objects:  92% (70/76)   Counting objects:  93% (71/76)   Counting objects:  94% (72/76)   Counting objects:  96% (73/76)   Counting objects:  97% (74/76)   Counting objects:  98% (75/76)   Counting objects: 100% (76/76)   Counting objects: 100% (76/76), done.
Delta compression using up to 4 threads
Compressing objects:   1% (1/68)   Compressing objects:   2% (2/68)   Compressing objects:   4% (3/68)   Compressing objects:   5% (4/68)   Compressing objects:   7% (5/68)   Compressing objects:   8% (6/68)   Compressing objects:  10% (7/68)   Compressing objects:  11% (8/68)   Compressing objects:  13% (9/68)   Compressing objects:  14% (10/68)   Compressing objects:  16% (11/68)   Compressing objects:  17% (12/68)   Compressing objects:  19% (13/68)   Compressing objects:  20% (14/68)   Compressing objects:  22% (15/68)   Compressing objects:  23% (16/68)   Compressing objects:  25% (17/68)   Compressing objects:  26% (18/68)   Compressing objects:  27% (19/68)   Compressing objects:  29% (20/68)   Compressing objects:  30% (21/68)   Compressing objects:  32% (22/68)   Compressing objects:  33% (23/68)   Compressing objects:  35% (24/68)   Compressing objects:  36% (25/68)   Compressing objects:  38% (26/68)   Compressing objects:  39% (27/68)   Compressing objects:  41% (28/68)   Compressing objects:  42% (29/68)   Compressing objects:  44% (30/68)   Compressing objects:  45% (31/68)   Compressing objects:  47% (32/68)   Compressing objects:  48% (33/68)   Compressing objects:  50% (34/68)   Compressing objects:  51% (35/68)   Compressing objects:  52% (36/68)   Compressing objects:  54% (37/68)   Compressing objects:  55% (38/68)   Compressing objects:  57% (39/68)   Compressing objects:  58% (40/68)   Compressing objects:  60% (41/68)   Compressing objects:  61% (42/68)   Compressing objects:  63% (43/68)   Compressing objects:  64% (44/68)   Compressing objects:  66% (45/68)   Compressing objects:  67% (46/68)   Compressing objects:  69% (47/68)   Compressing objects:  70% (48/68)   Compressing objects:  72% (49/68)   Compressing objects:  73% (50/68)   Compressing objects:  75% (51/68)   Compressing objects:  76% (52/68)   Compressing objects:  77% (53/68)   Compressing objects:  79% (54/68)   Compressing objects:  80% (55/68)   Compressing objects:  82% (56/68)   Compressing objects:  83% (57/68)   Compressing objects:  85% (58/68)   Compressing objects:  86% (59/68)   Compressing objects:  88% (60/68)   Compressing objects:  89% (61/68)   Compressing objects:  91% (62/68)   Compressing objects:  92% (63/68)   Compressing objects:  94% (64/68)   Compressing objects:  95% (65/68)   Compressing objects:  97% (66/68)   Compressing objects:  98% (67/68)   Compressing objects: 100% (68/68)   Compressing objects: 100% (68/68), done.
Writing objects:   1% (1/76)   Writing objects:   2% (2/76)   Writing objects:   5% (4/76)   Writing objects:   6% (5/76)   Writing objects:   7% (6/76)   Writing objects:   9% (7/76)   Writing objects:  10% (8/76)   Writing objects:  11% (9/76)   Writing objects:  13% (10/76)   Writing objects:  14% (11/76)   Writing objects:  15% (12/76)   Writing objects:  17% (13/76)   Writing objects:  18% (14/76)   Writing objects:  19% (15/76)   Writing objects:  21% (16/76)   Writing objects:  22% (17/76)   Writing objects:  23% (18/76)   Writing objects:  25% (19/76)   Writing objects:  26% (20/76)   Writing objects:  27% (21/76)   Writing objects:  28% (22/76)   Writing objects:  30% (23/76)   Writing objects:  31% (24/76)   Writing objects:  32% (25/76)   Writing objects:  34% (26/76)   Writing objects:  35% (27/76)   Writing objects:  36% (28/76)   Writing objects:  38% (29/76)   Writing objects:  39% (30/76)   Writing objects:  40% (31/76)   Writing objects:  42% (32/76)   Writing objects:  43% (33/76)   Writing objects:  44% (34/76)   Writing objects:  46% (35/76)   Writing objects:  47% (36/76)   Writing objects:  48% (37/76)   Writing objects:  50% (38/76)   Writing objects:  51% (39/76)   Writing objects:  52% (40/76)   Writing objects:  53% (41/76)   Writing objects:  55% (42/76)   Writing objects:  56% (43/76)   Writing objects:  57% (44/76)   Writing objects:  59% (45/76)   Writing objects:  60% (46/76)   Writing objects:  61% (47/76)   Writing objects:  63% (48/76)   Writing objects:  64% (49/76)   Writing objects:  65% (50/76)   Writing objects:  68% (52/76)   Writing objects:  69% (53/76)   Writing objects:  71% (54/76)   Writing objects:  72% (55/76)   Writing objects:  73% (56/76)   Writing objects:  75% (57/76)   Writing objects:  76% (58/76)   Writing objects:  77% (59/76)   Writing objects:  78% (60/76)   Writing objects:  80% (61/76)   Writing objects:  81% (62/76)   Writing objects:  82% (63/76)   Writing objects:  84% (64/76)   Writing objects:  85% (65/76)   Writing objects:  86% (66/76)   Writing objects:  88% (67/76)   Writing objects:  89% (68/76)   Writing objects:  90% (69/76)   Writing objects:  92% (70/76)   Writing objects:  93% (71/76)   Writing objects:  94% (72/76)   Writing objects:  96% (73/76)   Writing objects:  97% (74/76)   Writing objects:  98% (75/76)   Writing objects: 100% (76/76)   Writing objects: 100% (76/76), 19.09 KiB | 78.00 KiB/s, done.
Total 76 (delta 4), reused 0 (delta 0)
remote: Resolving deltas:   0% (0/4)   [Kremote: Resolving deltas:  25% (1/4)   [Kremote: Resolving deltas:  50% (2/4)   [Kremote: Resolving deltas:  75% (3/4)   [Kremote: Resolving deltas: 100% (4/4)   [Kremote: Resolving deltas: 100% (4/4), done.[K
To https://github.com/roqe/BY2M.git
 * [new branch]      master -> master
Branch 'master' set up to track remote branch 'master' from 'origin'.
git push -u origin mastercommit -m "first version"[C[C[C[C[C[C[C[C[C[C[C[C[C[C[C[C[C[C[C[C[C[C[Cadd .[K
]0;~/Dropbox/YT_Lab/BY2Mrorqual:BY2M june$ git add .push -u origin mastercommit -m "first version"[C[C[C[C[C[C[C[C[C[C[C[C[C[C[C[C[C[C[C[C[C[C[Cadd .[Kremote add origin https://github.com/roqe/BY2M.git[C[C[C[C[C[C[C[C[C[C[C[C[C[C[C[C[C[C[C[C[C[C[Cadd .[Kcommit -m "first version"[C[C[C[C[C[C[C[C[C[C[C[C[C[C[C[C[C[C[C[C[C[C[C[4Ppush -u origin master
error: cannot run rpostback-askpass: No such file or directory
Username for 'https://github.com': roqe
error: cannot run rpostback-askpass: No such file or directory
Password for 'https://roqe@github.com': 
Branch 'master' set up to track remote branch 'master' from 'origin'.
Everything up-to-date
git push -u origin masteradd .[K
]0;~/Dropbox/YT_Lab/BY2Mrorqual:BY2M june$ git add .push -u origin master
error: cannot run rpostback-askpass: No such file or directory
Username for 'https://github.com': roqe
error: cannot run rpostback-askpass: No such file or directory
Password for 'https://roqe@github.com': 
Branch 'master' set up to track remote branch 'master' from 'origin'.
Everything up-to-date
git remote add origin https://github.com/roqe/T2GA.git
fatal: remote origin already exists.
]0;~/Dropbox/YT_Lab/BY2Mrorqual:BY2M june$ git add .
]0;~/Dropbox/YT_Lab/BY2Mrorqual:BY2M june$ git push -u origin master
error: cannot run rpostback-askpass: No such file or directory
Username for 'https://github.com': roqe
error: cannot run rpostback-askpass: No such file or directory
Password for 'https://roqe@github.com': 
Branch 'master' set up to track remote branch 'master' from 'origin'.
Everything up-to-date
]0;~/Dropbox/YT_Lab/BY2Mrorqual:BY2M june$ git push -u origin master[K[K[K[K[K[K[K[K[K[K[K[K[K[K[K[K[K[K[K[K[K[K[K[K[Kgit add .
]0;~/Dropbox/YT_Lab/BY2Mrorqual:BY2M june$ git commit -m "add more description"
[master 53c93b8] add more description
 Committer: June Lai <june@rorqual.local>
Your name and email address were configured automatically based
on your username and hostname. Please check that they are accurate.
You can suppress this message by setting them explicitly. Run the
following command and follow the instructions in your editor to edit
your configuration file:

    git config --global --edit

After doing this, you may fix the identity used for this commit with:

    git commit --amend --reset-author

 30 files changed, 279 insertions(+), 854 deletions(-)
 rewrite .Rproj.user/2591ECAF/console06/INDEX001 (100%)
 delete mode 100644 .Rproj.user/2591ECAF/sources/s-139f083a/1A71CE92-contents
 delete mode 100644 .Rproj.user/2591ECAF/sources/s-139f083a/1BE2C2B5
 delete mode 100644 .Rproj.user/2591ECAF/sources/s-139f083a/1BE2C2B5-contents
 delete mode 100644 .Rproj.user/2591ECAF/sources/s-139f083a/23375F49-contents
 delete mode 100644 .Rproj.user/2591ECAF/sources/s-139f083a/3A59D820-contents
 delete mode 100644 .Rproj.user/2591ECAF/sources/s-139f083a/3D6983A4-contents
 delete mode 100644 .Rproj.user/2591ECAF/sources/s-139f083a/50D8C0B9-contents
 delete mode 100644 .Rproj.user/2591ECAF/sources/s-139f083a/5BD6609F-contents
 delete mode 100644 .Rproj.user/2591ECAF/sources/s-139f083a/6107B15E-contents
 delete mode 100644 .Rproj.user/2591ECAF/sources/s-139f083a/6FEC9C2E-contents
 delete mode 100644 .Rproj.user/2591ECAF/sources/s-139f083a/AE36C955-contents
 delete mode 100644 .Rproj.user/2591ECAF/sources/s-139f083a/D9B7DC94
 delete mode 100644 .Rproj.user/2591ECAF/sources/s-139f083a/D9B7DC94-contents
 delete mode 100644 .Rproj.user/2591ECAF/sources/s-139f083a/lock_file
 create mode 100644 .gitignore
]0;~/Dropbox/YT_Lab/BY2Mrorqual:BY2M june$ git push -u origin master
error: cannot run rpostback-askpass: No such file or directory
Username for 'https://github.com': roqe
error: cannot run rpostback-askpass: No such file or directory
Password for 'https://roqe@github.com': 
Enumerating objects: 54, done.
Counting objects:   1% (1/54)   Counting objects:   3% (2/54)   Counting objects:   5% (3/54)   Counting objects:   7% (4/54)   Counting objects:   9% (5/54)   Counting objects:  11% (6/54)   Counting objects:  12% (7/54)   Counting objects:  14% (8/54)   Counting objects:  16% (9/54)   Counting objects:  18% (10/54)   Counting objects:  20% (11/54)   Counting objects:  22% (12/54)   Counting objects:  24% (13/54)   Counting objects:  25% (14/54)   Counting objects:  27% (15/54)   Counting objects:  29% (16/54)   Counting objects:  31% (17/54)   Counting objects:  33% (18/54)   Counting objects:  35% (19/54)   Counting objects:  37% (20/54)   Counting objects:  38% (21/54)   Counting objects:  40% (22/54)   Counting objects:  42% (23/54)   Counting objects:  44% (24/54)   Counting objects:  46% (25/54)   Counting objects:  48% (26/54)   Counting objects:  50% (27/54)   Counting objects:  51% (28/54)   Counting objects:  53% (29/54)   Counting objects:  55% (30/54)   Counting objects:  57% (31/54)   Counting objects:  59% (32/54)   Counting objects:  61% (33/54)   Counting objects:  62% (34/54)   Counting objects:  64% (35/54)   Counting objects:  66% (36/54)   Counting objects:  68% (37/54)   Counting objects:  70% (38/54)   Counting objects:  72% (39/54)   Counting objects:  74% (40/54)   Counting objects:  75% (41/54)   Counting objects:  77% (42/54)   Counting objects:  79% (43/54)   Counting objects:  81% (44/54)   Counting objects:  83% (45/54)   Counting objects:  85% (46/54)   Counting objects:  87% (47/54)   Counting objects:  88% (48/54)   Counting objects:  90% (49/54)   Counting objects:  92% (50/54)   Counting objects:  94% (51/54)   Counting objects:  96% (52/54)   Counting objects:  98% (53/54)   Counting objects: 100% (54/54)   Counting objects: 100% (54/54), done.
Delta compression using up to 4 threads
Compressing objects:   4% (1/25)   Compressing objects:   8% (2/25)   Compressing objects:  12% (3/25)   Compressing objects:  16% (4/25)   Compressing objects:  20% (5/25)   Compressing objects:  24% (6/25)   Compressing objects:  28% (7/25)   Compressing objects:  32% (8/25)   Compressing objects:  36% (9/25)   Compressing objects:  40% (10/25)   Compressing objects:  44% (11/25)   Compressing objects:  48% (12/25)   Compressing objects:  52% (13/25)   Compressing objects:  56% (14/25)   Compressing objects:  60% (15/25)   Compressing objects:  64% (16/25)   Compressing objects:  68% (17/25)   Compressing objects:  72% (18/25)   Compressing objects:  76% (19/25)   Compressing objects:  80% (20/25)   Compressing objects:  84% (21/25)   Compressing objects:  88% (22/25)   Compressing objects:  92% (23/25)   Compressing objects:  96% (24/25)   Compressing objects: 100% (25/25)   Compressing objects: 100% (25/25), done.
Writing objects:   3% (1/28)   Writing objects:   7% (2/28)   Writing objects:  10% (3/28)   Writing objects:  14% (4/28)   Writing objects:  17% (5/28)   Writing objects:  21% (6/28)   Writing objects:  25% (7/28)   Writing objects:  28% (8/28)   Writing objects:  32% (9/28)   Writing objects:  35% (10/28)   Writing objects:  39% (11/28)   Writing objects:  42% (12/28)   Writing objects:  46% (13/28)   Writing objects:  50% (14/28)   Writing objects:  53% (15/28)   Writing objects:  57% (16/28)   Writing objects:  60% (17/28)   Writing objects:  64% (18/28)   Writing objects:  67% (19/28)   Writing objects:  71% (20/28)   Writing objects:  75% (21/28)   Writing objects:  78% (22/28)   Writing objects:  82% (23/28)   Writing objects:  85% (24/28)   Writing objects:  89% (25/28)   Writing objects:  92% (26/28)   Writing objects:  96% (27/28)   Writing objects: 100% (28/28)   Writing objects: 100% (28/28), 5.81 KiB | 49.00 KiB/s, done.
Total 28 (delta 16), reused 0 (delta 0)
remote: Resolving deltas:   0% (0/16)   [Kremote: Resolving deltas:   6% (1/16)   [Kremote: Resolving deltas:  12% (2/16)   [Kremote: Resolving deltas:  18% (3/16)   [Kremote: Resolving deltas:  25% (4/16)   [Kremote: Resolving deltas:  31% (5/16)   [Kremote: Resolving deltas:  37% (6/16)   [Kremote: Resolving deltas:  43% (7/16)   [Kremote: Resolving deltas:  50% (8/16)   [Kremote: Resolving deltas:  56% (9/16)   [Kremote: Resolving deltas:  62% (10/16)   [Kremote: Resolving deltas:  68% (11/16)   [Kremote: Resolving deltas:  75% (12/16)   [Kremote: Resolving deltas:  81% (13/16)   [Kremote: Resolving deltas:  87% (14/16)   [Kremote: Resolving deltas:  93% (15/16)   [Kremote: Resolving deltas: 100% (16/16)   [Kremote: Resolving deltas: 100% (16/16), completed with 16 local objects.[K
To https://github.com/roqe/BY2M.git
   605433a..53c93b8  master -> master
Branch 'master' set up to track remote branch 'master' from 'origin'.
git add .
]0;~/Dropbox/YT_Lab/BY2Mrorqual:BY2M june$ git commit -m "add more description"
[master da5b1f4] add more description
 Committer: June Lai <june@rorqual.local>
Your name and email address were configured automatically based
on your username and hostname. Please check that they are accurate.
You can suppress this message by setting them explicitly. Run the
following command and follow the instructions in your editor to edit
your configuration file:

    git config --global --edit

After doing this, you may fix the identity used for this commit with:

    git commit --amend --reset-author

 10 files changed, 80 insertions(+), 10 deletions(-)
 rewrite .Rproj.user/2591ECAF/console06/INDEX001 (85%)
]0;~/Dropbox/YT_Lab/BY2Mrorqual:BY2M june$ git push -u origin master
error: cannot run rpostback-askpass: No such file or directory
Username for 'https://github.com': roqe
error: cannot run rpostback-askpass: No such file or directory
Password for 'https://roqe@github.com': 
Enumerating objects: 39, done.
Counting objects:   2% (1/39)   Counting objects:   5% (2/39)   Counting objects:   7% (3/39)   Counting objects:  10% (4/39)   Counting objects:  12% (5/39)   Counting objects:  15% (6/39)   Counting objects:  17% (7/39)   Counting objects:  20% (8/39)   Counting objects:  23% (9/39)   Counting objects:  25% (10/39)   Counting objects:  28% (11/39)   Counting objects:  30% (12/39)   Counting objects:  33% (13/39)   Counting objects:  35% (14/39)   Counting objects:  38% (15/39)   Counting objects:  41% (16/39)   Counting objects:  43% (17/39)   Counting objects:  46% (18/39)   Counting objects:  48% (19/39)   Counting objects:  51% (20/39)   Counting objects:  53% (21/39)   Counting objects:  56% (22/39)   Counting objects:  58% (23/39)   Counting objects:  61% (24/39)   Counting objects:  64% (25/39)   Counting objects:  66% (26/39)   Counting objects:  69% (27/39)   Counting objects:  71% (28/39)   Counting objects:  74% (29/39)   Counting objects:  76% (30/39)   Counting objects:  79% (31/39)   Counting objects:  82% (32/39)   Counting objects:  84% (33/39)   Counting objects:  87% (34/39)   Counting objects:  89% (35/39)   Counting objects:  92% (36/39)   Counting objects:  94% (37/39)   Counting objects:  97% (38/39)   Counting objects: 100% (39/39)   Counting objects: 100% (39/39), done.
Delta compression using up to 4 threads
Compressing objects:   5% (1/19)   Compressing objects:  10% (2/19)   Compressing objects:  15% (3/19)   Compressing objects:  21% (4/19)   Compressing objects:  26% (5/19)   Compressing objects:  31% (6/19)   Compressing objects:  36% (7/19)   Compressing objects:  42% (8/19)   Compressing objects:  47% (9/19)   Compressing objects:  52% (10/19)   Compressing objects:  57% (11/19)   Compressing objects:  63% (12/19)   Compressing objects:  68% (13/19)   Compressing objects:  73% (14/19)   Compressing objects:  78% (15/19)   Compressing objects:  84% (16/19)   Compressing objects:  89% (17/19)   Compressing objects:  94% (18/19)   Compressing objects: 100% (19/19)   Compressing objects: 100% (19/19), done.
Writing objects:   5% (1/20)   Writing objects:  10% (2/20)   Writing objects:  15% (3/20)   Writing objects:  20% (4/20)   Writing objects:  25% (5/20)   Writing objects:  30% (6/20)   Writing objects:  35% (7/20)   Writing objects:  40% (8/20)   Writing objects:  45% (9/20)   Writing objects:  50% (10/20)   Writing objects:  55% (11/20)   Writing objects:  60% (12/20)   Writing objects:  65% (13/20)   Writing objects:  70% (14/20)   Writing objects:  75% (15/20)   Writing objects:  80% (16/20)   Writing objects:  85% (17/20)   Writing objects:  90% (18/20)   Writing objects:  95% (19/20)   Writing objects: 100% (20/20)   Writing objects: 100% (20/20), 2.71 KiB | 22.00 KiB/s, done.
Total 20 (delta 14), reused 0 (delta 0)
remote: Resolving deltas:   0% (0/14)   [Kremote: Resolving deltas:   7% (1/14)   [Kremote: Resolving deltas:  14% (2/14)   [Kremote: Resolving deltas:  21% (3/14)   [Kremote: Resolving deltas:  28% (4/14)   [Kremote: Resolving deltas:  35% (5/14)   [Kremote: Resolving deltas:  42% (6/14)   [Kremote: Resolving deltas:  50% (7/14)   [Kremote: Resolving deltas:  57% (8/14)   [Kremote: Resolving deltas:  64% (9/14)   [Kremote: Resolving deltas:  71% (10/14)   [Kremote: Resolving deltas:  78% (11/14)   [Kremote: Resolving deltas:  85% (12/14)   [Kremote: Resolving deltas:  92% (13/14)   [Kremote: Resolving deltas: 100% (14/14)   [Kremote: Resolving deltas: 100% (14/14), completed with 14 local objects.[K
To https://github.com/roqe/BY2M.git
   53c93b8..da5b1f4  master -> master
Branch 'master' set up to track remote branch 'master' from 'origin'.
]0;~/Dropbox/YT_Lab/BY2M[?1034hrorqual:BY2M june$ git push -u origin mastercommit -m "add more description"[C[C[C[C[C[C[C[C[C[C[C[C[C[C[C[C[C[C[C[C[C[C[Cadd .[K
]0;~/Dropbox/YT_Lab/BY2Mrorqual:BY2M june$ git add .push -u origin mastercommit -m "add more description"
[master 79d30bc] add more description
 Committer: June Lai <june@rorqual.local>
Your name and email address were configured automatically based
on your username and hostname. Please check that they are accurate.
You can suppress this message by setting them explicitly. Run the
following command and follow the instructions in your editor to edit
your configuration file:

    git config --global --edit

After doing this, you may fix the identity used for this commit with:

    git commit --amend --reset-author

 10 files changed, 74 insertions(+), 16 deletions(-)
 rewrite .Rproj.user/2591ECAF/console06/INDEX001 (85%)
]0;~/Dropbox/YT_Lab/BY2Mrorqual:BY2M june$ git commit -m "add more description"[C[C[C[C[C[C[C[C[C[C[C[C[C[C[C[C[C[C[C[C[C[C[Cadd .[Kpush -u origin master
error: cannot run rpostback-askpass: No such file or directory
Username for 'https://github.com': roqe
error: cannot run rpostback-askpass: No such file or directory
Password for 'https://roqe@github.com': 
Enumerating objects: 39, done.
Counting objects:   2% (1/39)   Counting objects:   5% (2/39)   Counting objects:   7% (3/39)   Counting objects:  10% (4/39)   Counting objects:  12% (5/39)   Counting objects:  15% (6/39)   Counting objects:  17% (7/39)   Counting objects:  20% (8/39)   Counting objects:  23% (9/39)   Counting objects:  25% (10/39)   Counting objects:  28% (11/39)   Counting objects:  30% (12/39)   Counting objects:  33% (13/39)   Counting objects:  35% (14/39)   Counting objects:  38% (15/39)   Counting objects:  41% (16/39)   Counting objects:  43% (17/39)   Counting objects:  46% (18/39)   Counting objects:  48% (19/39)   Counting objects:  51% (20/39)   Counting objects:  53% (21/39)   Counting objects:  56% (22/39)   Counting objects:  58% (23/39)   Counting objects:  61% (24/39)   Counting objects:  64% (25/39)   Counting objects:  66% (26/39)   Counting objects:  69% (27/39)   Counting objects:  71% (28/39)   Counting objects:  74% (29/39)   Counting objects:  76% (30/39)   Counting objects:  79% (31/39)   Counting objects:  82% (32/39)   Counting objects:  84% (33/39)   Counting objects:  87% (34/39)   Counting objects:  89% (35/39)   Counting objects:  92% (36/39)   Counting objects:  94% (37/39)   Counting objects:  97% (38/39)   Counting objects: 100% (39/39)   Counting objects: 100% (39/39), done.
Delta compression using up to 4 threads
Compressing objects:   5% (1/19)   Compressing objects:  10% (2/19)   Compressing objects:  15% (3/19)   Compressing objects:  21% (4/19)   Compressing objects:  26% (5/19)   Compressing objects:  31% (6/19)   Compressing objects:  36% (7/19)   Compressing objects:  42% (8/19)   Compressing objects:  47% (9/19)   Compressing objects:  52% (10/19)   Compressing objects:  57% (11/19)   Compressing objects:  63% (12/19)   Compressing objects:  68% (13/19)   Compressing objects:  73% (14/19)   Compressing objects:  78% (15/19)   Compressing objects:  84% (16/19)   Compressing objects:  89% (17/19)   Compressing objects:  94% (18/19)   Compressing objects: 100% (19/19)   Compressing objects: 100% (19/19), done.
Writing objects:   5% (1/20)   Writing objects:  10% (2/20)   Writing objects:  15% (3/20)   Writing objects:  20% (4/20)   Writing objects:  25% (5/20)   Writing objects:  30% (6/20)   Writing objects:  35% (7/20)   Writing objects:  40% (8/20)   Writing objects:  45% (9/20)   Writing objects:  50% (10/20)   Writing objects:  55% (11/20)   Writing objects:  60% (12/20)   Writing objects:  65% (13/20)   Writing objects:  70% (14/20)   Writing objects:  75% (15/20)   Writing objects:  80% (16/20)   Writing objects:  85% (17/20)   Writing objects:  90% (18/20)   Writing objects:  95% (19/20)   Writing objects: 100% (20/20)   Writing objects: 100% (20/20), 2.57 KiB | 2.57 MiB/s, done.
Total 20 (delta 13), reused 0 (delta 0)
remote: Resolving deltas:   0% (0/13)   [Kremote: Resolving deltas:   7% (1/13)   [Kremote: Resolving deltas:  15% (2/13)   [Kremote: Resolving deltas:  23% (3/13)   [Kremote: Resolving deltas:  30% (4/13)   [Kremote: Resolving deltas:  38% (5/13)   [Kremote: Resolving deltas:  46% (6/13)   [Kremote: Resolving deltas:  53% (7/13)   [Kremote: Resolving deltas:  61% (8/13)   [Kremote: Resolving deltas:  69% (9/13)   [Kremote: Resolving deltas:  76% (10/13)   [Kremote: Resolving deltas:  84% (11/13)   [Kremote: Resolving deltas:  92% (12/13)   [Kremote: Resolving deltas: 100% (13/13)   [Kremote: Resolving deltas: 100% (13/13), completed with 13 local objects.[K
To https://github.com/roqe/BY2M.git
   da5b1f4..79d30bc  master -> master
Branch 'master' set up to track remote branch 'master' from 'origin'.
]0;~/Dropbox/YT_Lab/BY2Mrorqual:BY2M june$ git push -u origin mastercommit -m "add more description"[C[C[C[C[C[C[C[C[C[C[C[C[C[C[C[C[C[C[C[C[C[C[Cadd .[Kcommit -m "add more description"[C[C[C[C[C[C[C[C[C[C[C[C[C[C[C[C[C[C[C[C[C[C[Cadd .[K
]0;~/Dropbox/YT_Lab/BY2Mrorqual:BY2M june$ git add .push -u origin mastercommit -m "add more description"
[master 8d7f715] add more description
 Committer: June Lai <june@rorqual.local>
Your name and email address were configured automatically based
on your username and hostname. Please check that they are accurate.
You can suppress this message by setting them explicitly. Run the
following command and follow the instructions in your editor to edit
your configuration file:

    git config --global --edit

After doing this, you may fix the identity used for this commit with:

    git commit --amend --reset-author

 5 files changed, 41 insertions(+), 8 deletions(-)
]0;~/Dropbox/YT_Lab/BY2Mrorqual:BY2M june$ git commit -m "add more description"[C[C[C[C[C[C[C[C[C[C[C[C[C[C[C[C[C[C[C[C[C[C[Cadd .[Kpush -u origin master
error: cannot run rpostback-askpass: No such file or directory
Username for 'https://github.com': roqe
error: cannot run rpostback-askpass: No such file or directory
Password for 'https://roqe@github.com': 
remote: Invalid username or password.
fatal: Authentication failed for 'https://github.com/roqe/BY2M.git/'
]0;~/Dropbox/YT_Lab/BY2Mrorqual:BY2M june$ git push -u origin master
error: cannot run rpostback-askpass: No such file or directory
Username for 'https://github.com': roqe
error: cannot run rpostback-askpass: No such file or directory
Password for 'https://roqe@github.com': 
Enumerating objects: 25, done.
Counting objects:   4% (1/25)   Counting objects:   8% (2/25)   Counting objects:  12% (3/25)   Counting objects:  16% (4/25)   Counting objects:  20% (5/25)   Counting objects:  24% (6/25)   Counting objects:  28% (7/25)   Counting objects:  32% (8/25)   Counting objects:  36% (9/25)   Counting objects:  40% (10/25)   Counting objects:  44% (11/25)   Counting objects:  48% (12/25)   Counting objects:  52% (13/25)   Counting objects:  56% (14/25)   Counting objects:  60% (15/25)   Counting objects:  64% (16/25)   Counting objects:  68% (17/25)   Counting objects:  72% (18/25)   Counting objects:  76% (19/25)   Counting objects:  80% (20/25)   Counting objects:  84% (21/25)   Counting objects:  88% (22/25)   Counting objects:  92% (23/25)   Counting objects:  96% (24/25)   Counting objects: 100% (25/25)   Counting objects: 100% (25/25), done.
Delta compression using up to 4 threads
Compressing objects:   8% (1/12)   Compressing objects:  16% (2/12)   Compressing objects:  25% (3/12)   Compressing objects:  33% (4/12)   Compressing objects:  41% (5/12)   Compressing objects:  50% (6/12)   Compressing objects:  58% (7/12)   Compressing objects:  66% (8/12)   Compressing objects:  75% (9/12)   Compressing objects:  83% (10/12)   Compressing objects:  91% (11/12)   Compressing objects: 100% (12/12)   Compressing objects: 100% (12/12), done.
Writing objects:   7% (1/13)   Writing objects:  15% (2/13)   Writing objects:  23% (3/13)   Writing objects:  30% (4/13)   Writing objects:  38% (5/13)   Writing objects:  46% (6/13)   Writing objects:  53% (7/13)   Writing objects:  61% (8/13)   Writing objects:  69% (9/13)   Writing objects:  76% (10/13)   Writing objects:  84% (11/13)   Writing objects:  92% (12/13)   Writing objects: 100% (13/13)   Writing objects: 100% (13/13), 1.26 KiB | 1.26 MiB/s, done.
Total 13 (delta 7), reused 0 (delta 0)
remote: Resolving deltas:   0% (0/7)   [Kremote: Resolving deltas:  14% (1/7)   [Kremote: Resolving deltas:  28% (2/7)   [Kremote: Resolving deltas:  42% (3/7)   [Kremote: Resolving deltas:  57% (4/7)   [Kremote: Resolving deltas:  71% (5/7)   [Kremote: Resolving deltas:  85% (6/7)   [Kremote: Resolving deltas: 100% (7/7)   [Kremote: Resolving deltas: 100% (7/7), completed with 7 local objects.[K
To https://github.com/roqe/BY2M.git
   79d30bc..8d7f715  master -> master
Branch 'master' set up to track remote branch 'master' from 'origin'.
git push -u origin mastercommit -m "add more description"[C[C[C[C[C[C[C[C[C[C[C[C[C[C[C[C[C[C[C[C[C[C[Cadd .[K
]0;~/Dropbox/YT_Lab/BY2Mrorqual:BY2M june$ git add .push -u origin mastercommit -m "add more description"
[master a99b960] add more description
 Committer: June Lai <june@rorqual.local>
Your name and email address were configured automatically based
on your username and hostname. Please check that they are accurate.
You can suppress this message by setting them explicitly. Run the
following command and follow the instructions in your editor to edit
your configuration file:

    git config --global --edit

After doing this, you may fix the identity used for this commit with:

    git commit --amend --reset-author

 9 files changed, 73 insertions(+), 10 deletions(-)
 rewrite .Rproj.user/2591ECAF/console06/INDEX001 (85%)
]0;~/Dropbox/YT_Lab/BY2Mrorqual:BY2M june$ git commit -m "add more description"[C[C[C[C[C[C[C[C[C[C[C[C[C[C[C[C[C[C[C[C[C[C[Cadd .[Kpush -u origin master
error: cannot run rpostback-askpass: No such file or directory
Username for 'https://github.com': roqe
error: cannot run rpostback-askpass: No such file or directory
Password for 'https://roqe@github.com': 
Enumerating objects: 37, done.
Counting objects:   2% (1/37)   Counting objects:   5% (2/37)   Counting objects:   8% (3/37)   Counting objects:  10% (4/37)   Counting objects:  13% (5/37)   Counting objects:  16% (6/37)   Counting objects:  18% (7/37)   Counting objects:  21% (8/37)   Counting objects:  24% (9/37)   Counting objects:  27% (10/37)   Counting objects:  29% (11/37)   Counting objects:  32% (12/37)   Counting objects:  35% (13/37)   Counting objects:  37% (14/37)   Counting objects:  40% (15/37)   Counting objects:  43% (16/37)   Counting objects:  45% (17/37)   Counting objects:  48% (18/37)   Counting objects:  51% (19/37)   Counting objects:  54% (20/37)   Counting objects:  56% (21/37)   Counting objects:  59% (22/37)   Counting objects:  62% (23/37)   Counting objects:  64% (24/37)   Counting objects:  67% (25/37)   Counting objects:  70% (26/37)   Counting objects:  72% (27/37)   Counting objects:  75% (28/37)   Counting objects:  78% (29/37)   Counting objects:  81% (30/37)   Counting objects:  83% (31/37)   Counting objects:  86% (32/37)   Counting objects:  89% (33/37)   Counting objects:  91% (34/37)   Counting objects:  94% (35/37)   Counting objects:  97% (36/37)   Counting objects: 100% (37/37)   Counting objects: 100% (37/37), done.
Delta compression using up to 4 threads
Compressing objects:   5% (1/18)   Compressing objects:  11% (2/18)   Compressing objects:  16% (3/18)   Compressing objects:  22% (4/18)   Compressing objects:  27% (5/18)   Compressing objects:  33% (6/18)   Compressing objects:  38% (7/18)   Compressing objects:  44% (8/18)   Compressing objects:  50% (9/18)   Compressing objects:  55% (10/18)   Compressing objects:  61% (11/18)   Compressing objects:  66% (12/18)   Compressing objects:  72% (13/18)   Compressing objects:  77% (14/18)   Compressing objects:  83% (15/18)   Compressing objects:  88% (16/18)   Compressing objects:  94% (17/18)   Compressing objects: 100% (18/18)   Compressing objects: 100% (18/18), done.
Writing objects:   5% (1/19)   Writing objects:  10% (2/19)   Writing objects:  15% (3/19)   Writing objects:  21% (4/19)   Writing objects:  26% (5/19)   Writing objects:  31% (6/19)   Writing objects:  36% (7/19)   Writing objects:  42% (8/19)   Writing objects:  47% (9/19)   Writing objects:  52% (10/19)   Writing objects:  57% (11/19)   Writing objects:  63% (12/19)   Writing objects:  68% (13/19)   Writing objects:  73% (14/19)   Writing objects:  78% (15/19)   Writing objects:  84% (16/19)   Writing objects:  89% (17/19)   Writing objects:  94% (18/19)   Writing objects: 100% (19/19)   Writing objects: 100% (19/19), 2.09 KiB | 18.00 KiB/s, done.
Total 19 (delta 12), reused 0 (delta 0)
remote: Resolving deltas:   0% (0/12)   [Kremote: Resolving deltas:   8% (1/12)   [Kremote: Resolving deltas:  16% (2/12)   [Kremote: Resolving deltas:  25% (3/12)   [Kremote: Resolving deltas:  33% (4/12)   [Kremote: Resolving deltas:  41% (5/12)   [Kremote: Resolving deltas:  50% (6/12)   [Kremote: Resolving deltas:  58% (7/12)   [Kremote: Resolving deltas:  66% (8/12)   [Kremote: Resolving deltas:  75% (9/12)   [Kremote: Resolving deltas:  83% (10/12)   [Kremote: Resolving deltas:  91% (11/12)   [Kremote: Resolving deltas: 100% (12/12)   [Kremote: Resolving deltas: 100% (12/12), completed with 12 local objects.[K
To https://github.com/roqe/BY2M.git
   8d7f715..a99b960  master -> master
Branch 'master' set up to track remote branch 'master' from 'origin'.
git push -u origin mastercommit -m "add more description"[C[C[C[C[C[C[C[C[C[C[C[C[C[C[C[C[C[C[C[C[C[C[Cadd .[K
]0;~/Dropbox/YT_Lab/BY2Mrorqual:BY2M june$ git add .push -u origin mastercommit -m "add more description"
[master f9edf47] add more description
 Committer: June Lai <june@rorqual.local>
Your name and email address were configured automatically based
on your username and hostname. Please check that they are accurate.
You can suppress this message by setting them explicitly. Run the
following command and follow the instructions in your editor to edit
your configuration file:

    git config --global --edit

After doing this, you may fix the identity used for this commit with:

    git commit --amend --reset-author

 5 files changed, 37 insertions(+), 243 deletions(-)
 delete mode 100644 .Rhistory
 rewrite .Rproj.user/2591ECAF/console06/INDEX001 (85%)
]0;~/Dropbox/YT_Lab/BY2Mrorqual:BY2M june$ git commit -m "add more description"[C[C[C[C[C[C[C[C[C[C[C[C[C[C[C[C[C[C[C[C[C[C[Cadd .[Kpush -u origin master
error: cannot run rpostback-askpass: No such file or directory
Username for 'https://github.com': roqe
error: cannot run rpostback-askpass: No such file or directory
Password for 'https://roqe@github.com': 
Enumerating objects: 21, done.
Counting objects:   4% (1/21)   Counting objects:   9% (2/21)   Counting objects:  14% (3/21)   Counting objects:  19% (4/21)   Counting objects:  23% (5/21)   Counting objects:  28% (6/21)   Counting objects:  33% (7/21)   Counting objects:  38% (8/21)   Counting objects:  42% (9/21)   Counting objects:  47% (10/21)   Counting objects:  52% (11/21)   Counting objects:  57% (12/21)   Counting objects:  61% (13/21)   Counting objects:  66% (14/21)   Counting objects:  71% (15/21)   Counting objects:  76% (16/21)   Counting objects:  80% (17/21)   Counting objects:  85% (18/21)   Counting objects:  90% (19/21)   Counting objects:  95% (20/21)   Counting objects: 100% (21/21)   Counting objects: 100% (21/21), done.
Delta compression using up to 4 threads
Compressing objects:  10% (1/10)   Compressing objects:  20% (2/10)   Compressing objects:  30% (3/10)   Compressing objects:  40% (4/10)   Compressing objects:  50% (5/10)   Compressing objects:  60% (6/10)   Compressing objects:  70% (7/10)   Compressing objects:  80% (8/10)   Compressing objects:  90% (9/10)   Compressing objects: 100% (10/10)   Compressing objects: 100% (10/10), done.
Writing objects:   9% (1/11)   Writing objects:  18% (2/11)   Writing objects:  27% (3/11)   Writing objects:  36% (4/11)   Writing objects:  45% (5/11)   Writing objects:  54% (6/11)   Writing objects:  63% (7/11)   Writing objects:  72% (8/11)   Writing objects:  81% (9/11)   Writing objects:  90% (10/11)   Writing objects: 100% (11/11)   Writing objects: 100% (11/11), 1.53 KiB | 1.53 MiB/s, done.
Total 11 (delta 6), reused 0 (delta 0)
remote: Resolving deltas:   0% (0/6)   [Kremote: Resolving deltas:  16% (1/6)   [Kremote: Resolving deltas:  33% (2/6)   [Kremote: Resolving deltas:  50% (3/6)   [Kremote: Resolving deltas:  66% (4/6)   [Kremote: Resolving deltas:  83% (5/6)   [Kremote: Resolving deltas: 100% (6/6)   [Kremote: Resolving deltas: 100% (6/6), completed with 6 local objects.[K
To https://github.com/roqe/BY2M.git
   a99b960..f9edf47  master -> master
Branch 'master' set up to track remote branch 'master' from 'origin'.
]0;~/Dropbox/YT_Lab/BY2Mrorqual:BY2M june$ git push -u origin mastercommit -m "add more description"[C[C[C[C[C[C[C[C[C[C[C[C[C[C[C[C[C[C[C[C[C[C[Cadd .[K
]0;~/Dropbox/YT_Lab/BY2Mrorqual:BY2M june$ git add .push -u origin mastercommit -m "add more description"
[master 82c27d4] add more description
 Committer: June Lai <june@rorqual.local>
Your name and email address were configured automatically based
on your username and hostname. Please check that they are accurate.
You can suppress this message by setting them explicitly. Run the
following command and follow the instructions in your editor to edit
your configuration file:

    git config --global --edit

After doing this, you may fix the identity used for this commit with:

    git commit --amend --reset-author

 4 files changed, 37 insertions(+), 3 deletions(-)
 delete mode 100644 .DS_Store
 delete mode 100644 R/.DS_Store
]0;~/Dropbox/YT_Lab/BY2Mrorqual:BY2M june$ git commit -m "add more description"[C[C[C[C[C[C[C[C[C[C[C[C[C[C[C[C[C[C[C[C[C[C[Cadd .[Kpush -u origin master
error: cannot run rpostback-askpass: No such file or directory
Username for 'https://github.com': roqe
error: cannot run rpostback-askpass: No such file or directory
Password for 'https://roqe@github.com': 
Enumerating objects: 15, done.
Counting objects:   6% (1/15)   Counting objects:  13% (2/15)   Counting objects:  20% (3/15)   Counting objects:  26% (4/15)   Counting objects:  33% (5/15)   Counting objects:  40% (6/15)   Counting objects:  46% (7/15)   Counting objects:  53% (8/15)   Counting objects:  60% (9/15)   Counting objects:  66% (10/15)   Counting objects:  73% (11/15)   Counting objects:  80% (12/15)   Counting objects:  86% (13/15)   Counting objects:  93% (14/15)   Counting objects: 100% (15/15)   Counting objects: 100% (15/15), done.
Delta compression using up to 4 threads
Compressing objects:  12% (1/8)   Compressing objects:  25% (2/8)   Compressing objects:  37% (3/8)   Compressing objects:  50% (4/8)   Compressing objects:  62% (5/8)   Compressing objects:  75% (6/8)   Compressing objects:  87% (7/8)   Compressing objects: 100% (8/8)   Compressing objects: 100% (8/8), done.
Writing objects:  12% (1/8)   Writing objects:  25% (2/8)   Writing objects:  37% (3/8)   Writing objects:  50% (4/8)   Writing objects:  62% (5/8)   Writing objects:  75% (6/8)   Writing objects:  87% (7/8)   Writing objects: 100% (8/8)   Writing objects: 100% (8/8), 1.20 KiB | 10.00 KiB/s, done.
Total 8 (delta 5), reused 0 (delta 0)
remote: Resolving deltas:   0% (0/5)   [Kremote: Resolving deltas:  20% (1/5)   [Kremote: Resolving deltas:  40% (2/5)   [Kremote: Resolving deltas:  60% (3/5)   [Kremote: Resolving deltas:  80% (4/5)   [Kremote: Resolving deltas: 100% (5/5)   [Kremote: Resolving deltas: 100% (5/5), completed with 5 local objects.[K
To https://github.com/roqe/BY2M.git
   f9edf47..82c27d4  master -> master
Branch 'master' set up to track remote branch 'master' from 'origin'.
]0;~/Dropbox/YT_Lab/BY2Mrorqual:BY2M june$ git push -u origin mastercommit -m "add more description"[C[C[C[C[C[C[C[C[C[C[C[C[C[C[C[C[C[C[C[C[C[C[Cadd .[K
]0;~/Dropbox/YT_Lab/BY2Mrorqual:BY2M june$ git add .push -u origin mastercommit -m "add more description"
[master 3e94230] add more description
 Committer: June Lai <june@rorqual.local>
Your name and email address were configured automatically based
on your username and hostname. Please check that they are accurate.
You can suppress this message by setting them explicitly. Run the
following command and follow the instructions in your editor to edit
your configuration file:

    git config --global --edit

After doing this, you may fix the identity used for this commit with:

    git commit --amend --reset-author

 2 files changed, 35 insertions(+), 1 deletion(-)
]0;~/Dropbox/YT_Lab/BY2Mrorqual:BY2M june$ git commit -m "add more description"[C[C[C[C[C[C[C[C[C[C[C[C[C[C[C[C[C[C[C[C[C[C[Cadd .[Kpush -u origin master
error: cannot run rpostback-askpass: No such file or directory
Username for 'https://github.com': roqe
error: cannot run rpostback-askpass: No such file or directory
Password for 'https://roqe@github.com': 
remote: Invalid username or password.
fatal: Authentication failed for 'https://github.com/roqe/BY2M.git/'
]0;~/Dropbox/YT_Lab/BY2Mrorqual:BY2M june$ r[Kgit push -u origin master
rerror: cannot run rpostback-askpass: No such file or directory
Username for 'https://github.com': o ^R
roqe    ri oqe
error: cannot run rpostback-askpass: No such file or directory
Password for 'https://roqe@github.com': 
Enumerating objects: 17, done.
Counting objects:   5% (1/17)   Counting objects:  11% (2/17)   Counting objects:  17% (3/17)   Counting objects:  23% (4/17)   Counting objects:  29% (5/17)   Counting objects:  35% (6/17)   Counting objects:  41% (7/17)   Counting objects:  47% (8/17)   Counting objects:  52% (9/17)   Counting objects:  58% (10/17)   Counting objects:  64% (11/17)   Counting objects:  70% (12/17)   Counting objects:  76% (13/17)   Counting objects:  82% (14/17)   Counting objects:  88% (15/17)   Counting objects:  94% (16/17)   Counting objects: 100% (17/17)   Counting objects: 100% (17/17), done.
Delta compression using up to 4 threads
Compressing objects:  12% (1/8)   Compressing objects:  25% (2/8)   Compressing objects:  37% (3/8)   Compressing objects:  50% (4/8)   Compressing objects:  62% (5/8)   Compressing objects:  75% (6/8)   Compressing objects:  87% (7/8)   Compressing objects: 100% (8/8)   Compressing objects: 100% (8/8), done.
Writing objects:  11% (1/9)   Writing objects:  22% (2/9)   Writing objects:  33% (3/9)   Writing objects:  44% (4/9)   Writing objects:  55% (5/9)   Writing objects:  66% (6/9)   Writing objects:  77% (7/9)   Writing objects:  88% (8/9)   Writing objects: 100% (9/9)   Writing objects: 100% (9/9), 1.14 KiB | 12.00 KiB/s, done.
Total 9 (delta 4), reused 0 (delta 0)
remote: Resolving deltas:   0% (0/4)   [Kremote: Resolving deltas:  25% (1/4)   [Kremote: Resolving deltas:  50% (2/4)   [Kremote: Resolving deltas:  75% (3/4)   [Kremote: Resolving deltas: 100% (4/4)   [Kremote: Resolving deltas: 100% (4/4), completed with 4 local objects.[K
To https://github.com/roqe/BY2M.git
   82c27d4..3e94230  master -> master
Branch 'master' set up to track remote branch 'master' from 'origin'.
]0;~/Dropbox/YT_Lab/BY2Mrorqual:BY2M june$ git push -u origin mastercommit -m "add more description"[C[C[C[C[C[C[C[C[C[C[C[C[C[C[C[C[C[C[C[C[C[C[Cadd .[K